
======================================================================
10.09.2026 10:14:45 · POST /ihracat/siparisler/yukle
Traceback (most recent call last):
  File "/usr/local/lib/python3.11/dist-packages/starlette/middleware/errors.py", line 164, in __call__
    await self.app(scope, receive, _send)
  File "/usr/local/lib/python3.11/dist-packages/starlette/middleware/sessions.py", line 88, in __call__
    await self.app(scope, receive, send_wrapper)
  File "/usr/local/lib/python3.11/dist-packages/starlette/middleware/exceptions.py", line 63, in __call__
    await wrap_app_handling_exceptions(self.app, conn)(scope, receive, send)
  File "/usr/local/lib/python3.11/dist-packages/starlette/_exception_handler.py", line 53, in wrapped_app
    raise exc
  File "/usr/local/lib/python3.11/dist-packages/starlette/_exception_handler.py", line 42, in wrapped_app
    await app(scope, receive, sender)
  File "/usr/local/lib/python3.11/dist-packages/fastapi/middleware/asyncexitstack.py", line 18, in __call__
    await self.app(scope, receive, send)
  File "/usr/local/lib/python3.11/dist-packages/starlette/routing.py", line 670, in __call__
    await self.middleware_stack(scope, receive, send)
  File "/usr/local/lib/python3.11/dist-packages/fastapi/routing.py", line 2734, in app
    await route.handle(scope, receive, send)
  File "/usr/local/lib/python3.11/dist-packages/fastapi/routing.py", line 1281, in handle
    await super().handle(scope, receive, send)
  File "/usr/local/lib/python3.11/dist-packages/starlette/routing.py", line 280, in handle
    await self.app(scope, receive, send)
  File "/usr/local/lib/python3.11/dist-packages/fastapi/routing.py", line 158, in app
    await wrap_app_handling_exceptions(app, request)(scope, receive, send)
  File "/usr/local/lib/python3.11/dist-packages/starlette/_exception_handler.py", line 53, in wrapped_app
    raise exc
  File "/usr/local/lib/python3.11/dist-packages/starlette/_exception_handler.py", line 42, in wrapped_app
    await app(scope, receive, sender)
  File "/usr/local/lib/python3.11/dist-packages/fastapi/routing.py", line 144, in app
    response = await f(request)
               ^^^^^^^^^^^^^^^^
  File "/usr/local/lib/python3.11/dist-packages/fastapi/routing.py", line 706, in app
    raw_response = await run_endpoint_function(
                   ^^^^^^^^^^^^^^^^^^^^^^^^^^^^
  File "/usr/local/lib/python3.11/dist-packages/fastapi/routing.py", line 352, in run_endpoint_function
    return await dependant.call(**values)
           ^^^^^^^^^^^^^^^^^^^^^^^^^^^^^^
  File "/home/user/sevkplan/app/main.py", line 1503, in ihracat_siparisleri_yukle
    sonuc = ice_aktarim.ihracat_siparislerini_aktar(
            ^^^^^^^^^^^^^^^^^^^^^^^^^^^^^^^^^^^^^^^^
  File "/home/user/sevkplan/app/services/ice_aktarim.py", line 809, in ihracat_siparislerini_aktar
    mevcut = mevcutlar.get(satir_anahtari)
             ^^^^^^^^^
NameError: name 'mevcutlar' is not defined

======================================================================
10.09.2026 10:14:45 · POST /ihracat/siparisler/yukle
Traceback (most recent call last):
  File "/usr/local/lib/python3.11/dist-packages/starlette/middleware/errors.py", line 164, in __call__
    await self.app(scope, receive, _send)
  File "/usr/local/lib/python3.11/dist-packages/starlette/middleware/sessions.py", line 88, in __call__
    await self.app(scope, receive, send_wrapper)
  File "/usr/local/lib/python3.11/dist-packages/starlette/middleware/exceptions.py", line 63, in __call__
    await wrap_app_handling_exceptions(self.app, conn)(scope, receive, send)
  File "/usr/local/lib/python3.11/dist-packages/starlette/_exception_handler.py", line 53, in wrapped_app
    raise exc
  File "/usr/local/lib/python3.11/dist-packages/starlette/_exception_handler.py", line 42, in wrapped_app
    await app(scope, receive, sender)
  File "/usr/local/lib/python3.11/dist-packages/fastapi/middleware/asyncexitstack.py", line 18, in __call__
    await self.app(scope, receive, send)
  File "/usr/local/lib/python3.11/dist-packages/starlette/routing.py", line 670, in __call__
    await self.middleware_stack(scope, receive, send)
  File "/usr/local/lib/python3.11/dist-packages/fastapi/routing.py", line 2734, in app
    await route.handle(scope, receive, send)
  File "/usr/local/lib/python3.11/dist-packages/fastapi/routing.py", line 1281, in handle
    await super().handle(scope, receive, send)
  File "/usr/local/lib/python3.11/dist-packages/starlette/routing.py", line 280, in handle
    await self.app(scope, receive, send)
  File "/usr/local/lib/python3.11/dist-packages/fastapi/routing.py", line 158, in app
    await wrap_app_handling_exceptions(app, request)(scope, receive, send)
  File "/usr/local/lib/python3.11/dist-packages/starlette/_exception_handler.py", line 53, in wrapped_app
    raise exc
  File "/usr/local/lib/python3.11/dist-packages/starlette/_exception_handler.py", line 42, in wrapped_app
    await app(scope, receive, sender)
  File "/usr/local/lib/python3.11/dist-packages/fastapi/routing.py", line 144, in app
    response = await f(request)
               ^^^^^^^^^^^^^^^^
  File "/usr/local/lib/python3.11/dist-packages/fastapi/routing.py", line 706, in app
    raw_response = await run_endpoint_function(
                   ^^^^^^^^^^^^^^^^^^^^^^^^^^^^
  File "/usr/local/lib/python3.11/dist-packages/fastapi/routing.py", line 352, in run_endpoint_function
    return await dependant.call(**values)
           ^^^^^^^^^^^^^^^^^^^^^^^^^^^^^^
  File "/home/user/sevkplan/app/main.py", line 1503, in ihracat_siparisleri_yukle
    sonuc = ice_aktarim.ihracat_siparislerini_aktar(
            ^^^^^^^^^^^^^^^^^^^^^^^^^^^^^^^^^^^^^^^^
  File "/home/user/sevkplan/app/services/ice_aktarim.py", line 809, in ihracat_siparislerini_aktar
    mevcut = mevcutlar.get(satir_anahtari)
             ^^^^^^^^^
NameError: name 'mevcutlar' is not defined

======================================================================
10.09.2026 10:14:46 · POST /ihracat/siparisler/yukle
Traceback (most recent call last):
  File "/usr/local/lib/python3.11/dist-packages/starlette/middleware/errors.py", line 164, in __call__
    await self.app(scope, receive, _send)
  File "/usr/local/lib/python3.11/dist-packages/starlette/middleware/sessions.py", line 88, in __call__
    await self.app(scope, receive, send_wrapper)
  File "/usr/local/lib/python3.11/dist-packages/starlette/middleware/exceptions.py", line 63, in __call__
    await wrap_app_handling_exceptions(self.app, conn)(scope, receive, send)
  File "/usr/local/lib/python3.11/dist-packages/starlette/_exception_handler.py", line 53, in wrapped_app
    raise exc
  File "/usr/local/lib/python3.11/dist-packages/starlette/_exception_handler.py", line 42, in wrapped_app
    await app(scope, receive, sender)
  File "/usr/local/lib/python3.11/dist-packages/fastapi/middleware/asyncexitstack.py", line 18, in __call__
    await self.app(scope, receive, send)
  File "/usr/local/lib/python3.11/dist-packages/starlette/routing.py", line 670, in __call__
    await self.middleware_stack(scope, receive, send)
  File "/usr/local/lib/python3.11/dist-packages/fastapi/routing.py", line 2734, in app
    await route.handle(scope, receive, send)
  File "/usr/local/lib/python3.11/dist-packages/fastapi/routing.py", line 1281, in handle
    await super().handle(scope, receive, send)
  File "/usr/local/lib/python3.11/dist-packages/starlette/routing.py", line 280, in handle
    await self.app(scope, receive, send)
  File "/usr/local/lib/python3.11/dist-packages/fastapi/routing.py", line 158, in app
    await wrap_app_handling_exceptions(app, request)(scope, receive, send)
  File "/usr/local/lib/python3.11/dist-packages/starlette/_exception_handler.py", line 53, in wrapped_app
    raise exc
  File "/usr/local/lib/python3.11/dist-packages/starlette/_exception_handler.py", line 42, in wrapped_app
    await app(scope, receive, sender)
  File "/usr/local/lib/python3.11/dist-packages/fastapi/routing.py", line 144, in app
    response = await f(request)
               ^^^^^^^^^^^^^^^^
  File "/usr/local/lib/python3.11/dist-packages/fastapi/routing.py", line 706, in app
    raw_response = await run_endpoint_function(
                   ^^^^^^^^^^^^^^^^^^^^^^^^^^^^
  File "/usr/local/lib/python3.11/dist-packages/fastapi/routing.py", line 352, in run_endpoint_function
    return await dependant.call(**values)
           ^^^^^^^^^^^^^^^^^^^^^^^^^^^^^^
  File "/home/user/sevkplan/app/main.py", line 1503, in ihracat_siparisleri_yukle
    sonuc = ice_aktarim.ihracat_siparislerini_aktar(
            ^^^^^^^^^^^^^^^^^^^^^^^^^^^^^^^^^^^^^^^^
  File "/home/user/sevkplan/app/services/ice_aktarim.py", line 809, in ihracat_siparislerini_aktar
    mevcut = mevcutlar.get(satir_anahtari)
             ^^^^^^^^^
NameError: name 'mevcutlar' is not defined

======================================================================
10.09.2026 10:14:47 · POST /ihracat/siparisler/yukle
Traceback (most recent call last):
  File "/usr/local/lib/python3.11/dist-packages/starlette/middleware/errors.py", line 164, in __call__
    await self.app(scope, receive, _send)
  File "/usr/local/lib/python3.11/dist-packages/starlette/middleware/sessions.py", line 88, in __call__
    await self.app(scope, receive, send_wrapper)
  File "/usr/local/lib/python3.11/dist-packages/starlette/middleware/exceptions.py", line 63, in __call__
    await wrap_app_handling_exceptions(self.app, conn)(scope, receive, send)
  File "/usr/local/lib/python3.11/dist-packages/starlette/_exception_handler.py", line 53, in wrapped_app
    raise exc
  File "/usr/local/lib/python3.11/dist-packages/starlette/_exception_handler.py", line 42, in wrapped_app
    await app(scope, receive, sender)
  File "/usr/local/lib/python3.11/dist-packages/fastapi/middleware/asyncexitstack.py", line 18, in __call__
    await self.app(scope, receive, send)
  File "/usr/local/lib/python3.11/dist-packages/starlette/routing.py", line 670, in __call__
    await self.middleware_stack(scope, receive, send)
  File "/usr/local/lib/python3.11/dist-packages/fastapi/routing.py", line 2734, in app
    await route.handle(scope, receive, send)
  File "/usr/local/lib/python3.11/dist-packages/fastapi/routing.py", line 1281, in handle
    await super().handle(scope, receive, send)
  File "/usr/local/lib/python3.11/dist-packages/starlette/routing.py", line 280, in handle
    await self.app(scope, receive, send)
  File "/usr/local/lib/python3.11/dist-packages/fastapi/routing.py", line 158, in app
    await wrap_app_handling_exceptions(app, request)(scope, receive, send)
  File "/usr/local/lib/python3.11/dist-packages/starlette/_exception_handler.py", line 53, in wrapped_app
    raise exc
  File "/usr/local/lib/python3.11/dist-packages/starlette/_exception_handler.py", line 42, in wrapped_app
    await app(scope, receive, sender)
  File "/usr/local/lib/python3.11/dist-packages/fastapi/routing.py", line 144, in app
    response = await f(request)
               ^^^^^^^^^^^^^^^^
  File "/usr/local/lib/python3.11/dist-packages/fastapi/routing.py", line 706, in app
    raw_response = await run_endpoint_function(
                   ^^^^^^^^^^^^^^^^^^^^^^^^^^^^
  File "/usr/local/lib/python3.11/dist-packages/fastapi/routing.py", line 352, in run_endpoint_function
    return await dependant.call(**values)
           ^^^^^^^^^^^^^^^^^^^^^^^^^^^^^^
  File "/home/user/sevkplan/app/main.py", line 1503, in ihracat_siparisleri_yukle
    sonuc = ice_aktarim.ihracat_siparislerini_aktar(
            ^^^^^^^^^^^^^^^^^^^^^^^^^^^^^^^^^^^^^^^^
  File "/home/user/sevkplan/app/services/ice_aktarim.py", line 809, in ihracat_siparislerini_aktar
    mevcut = mevcutlar.get(satir_anahtari)
             ^^^^^^^^^
NameError: name 'mevcutlar' is not defined

======================================================================
10.09.2026 10:14:48 · POST /ihracat/siparisler/yukle
Traceback (most recent call last):
  File "/usr/local/lib/python3.11/dist-packages/starlette/middleware/errors.py", line 164, in __call__
    await self.app(scope, receive, _send)
  File "/usr/local/lib/python3.11/dist-packages/starlette/middleware/sessions.py", line 88, in __call__
    await self.app(scope, receive, send_wrapper)
  File "/usr/local/lib/python3.11/dist-packages/starlette/middleware/exceptions.py", line 63, in __call__
    await wrap_app_handling_exceptions(self.app, conn)(scope, receive, send)
  File "/usr/local/lib/python3.11/dist-packages/starlette/_exception_handler.py", line 53, in wrapped_app
    raise exc
  File "/usr/local/lib/python3.11/dist-packages/starlette/_exception_handler.py", line 42, in wrapped_app
    await app(scope, receive, sender)
  File "/usr/local/lib/python3.11/dist-packages/fastapi/middleware/asyncexitstack.py", line 18, in __call__
    await self.app(scope, receive, send)
  File "/usr/local/lib/python3.11/dist-packages/starlette/routing.py", line 670, in __call__
    await self.middleware_stack(scope, receive, send)
  File "/usr/local/lib/python3.11/dist-packages/fastapi/routing.py", line 2734, in app
    await route.handle(scope, receive, send)
  File "/usr/local/lib/python3.11/dist-packages/fastapi/routing.py", line 1281, in handle
    await super().handle(scope, receive, send)
  File "/usr/local/lib/python3.11/dist-packages/starlette/routing.py", line 280, in handle
    await self.app(scope, receive, send)
  File "/usr/local/lib/python3.11/dist-packages/fastapi/routing.py", line 158, in app
    await wrap_app_handling_exceptions(app, request)(scope, receive, send)
  File "/usr/local/lib/python3.11/dist-packages/starlette/_exception_handler.py", line 53, in wrapped_app
    raise exc
  File "/usr/local/lib/python3.11/dist-packages/starlette/_exception_handler.py", line 42, in wrapped_app
    await app(scope, receive, sender)
  File "/usr/local/lib/python3.11/dist-packages/fastapi/routing.py", line 144, in app
    response = await f(request)
               ^^^^^^^^^^^^^^^^
  File "/usr/local/lib/python3.11/dist-packages/fastapi/routing.py", line 706, in app
    raw_response = await run_endpoint_function(
                   ^^^^^^^^^^^^^^^^^^^^^^^^^^^^
  File "/usr/local/lib/python3.11/dist-packages/fastapi/routing.py", line 352, in run_endpoint_function
    return await dependant.call(**values)
           ^^^^^^^^^^^^^^^^^^^^^^^^^^^^^^
  File "/home/user/sevkplan/app/main.py", line 1503, in ihracat_siparisleri_yukle
    sonuc = ice_aktarim.ihracat_siparislerini_aktar(
            ^^^^^^^^^^^^^^^^^^^^^^^^^^^^^^^^^^^^^^^^
  File "/home/user/sevkplan/app/services/ice_aktarim.py", line 809, in ihracat_siparislerini_aktar
    mevcut = mevcutlar.get(satir_anahtari)
             ^^^^^^^^^
NameError: name 'mevcutlar' is not defined

======================================================================
10.09.2026 10:14:49 · POST /ihracat/siparisler/yukle
Traceback (most recent call last):
  File "/usr/local/lib/python3.11/dist-packages/starlette/middleware/errors.py", line 164, in __call__
    await self.app(scope, receive, _send)
  File "/usr/local/lib/python3.11/dist-packages/starlette/middleware/sessions.py", line 88, in __call__
    await self.app(scope, receive, send_wrapper)
  File "/usr/local/lib/python3.11/dist-packages/starlette/middleware/exceptions.py", line 63, in __call__
    await wrap_app_handling_exceptions(self.app, conn)(scope, receive, send)
  File "/usr/local/lib/python3.11/dist-packages/starlette/_exception_handler.py", line 53, in wrapped_app
    raise exc
  File "/usr/local/lib/python3.11/dist-packages/starlette/_exception_handler.py", line 42, in wrapped_app
    await app(scope, receive, sender)
  File "/usr/local/lib/python3.11/dist-packages/fastapi/middleware/asyncexitstack.py", line 18, in __call__
    await self.app(scope, receive, send)
  File "/usr/local/lib/python3.11/dist-packages/starlette/routing.py", line 670, in __call__
    await self.middleware_stack(scope, receive, send)
  File "/usr/local/lib/python3.11/dist-packages/fastapi/routing.py", line 2734, in app
    await route.handle(scope, receive, send)
  File "/usr/local/lib/python3.11/dist-packages/fastapi/routing.py", line 1281, in handle
    await super().handle(scope, receive, send)
  File "/usr/local/lib/python3.11/dist-packages/starlette/routing.py", line 280, in handle
    await self.app(scope, receive, send)
  File "/usr/local/lib/python3.11/dist-packages/fastapi/routing.py", line 158, in app
    await wrap_app_handling_exceptions(app, request)(scope, receive, send)
  File "/usr/local/lib/python3.11/dist-packages/starlette/_exception_handler.py", line 53, in wrapped_app
    raise exc
  File "/usr/local/lib/python3.11/dist-packages/starlette/_exception_handler.py", line 42, in wrapped_app
    await app(scope, receive, sender)
  File "/usr/local/lib/python3.11/dist-packages/fastapi/routing.py", line 144, in app
    response = await f(request)
               ^^^^^^^^^^^^^^^^
  File "/usr/local/lib/python3.11/dist-packages/fastapi/routing.py", line 706, in app
    raw_response = await run_endpoint_function(
                   ^^^^^^^^^^^^^^^^^^^^^^^^^^^^
  File "/usr/local/lib/python3.11/dist-packages/fastapi/routing.py", line 352, in run_endpoint_function
    return await dependant.call(**values)
           ^^^^^^^^^^^^^^^^^^^^^^^^^^^^^^
  File "/home/user/sevkplan/app/main.py", line 1503, in ihracat_siparisleri_yukle
    sonuc = ice_aktarim.ihracat_siparislerini_aktar(
            ^^^^^^^^^^^^^^^^^^^^^^^^^^^^^^^^^^^^^^^^
  File "/home/user/sevkplan/app/services/ice_aktarim.py", line 809, in ihracat_siparislerini_aktar
    mevcut = mevcutlar.get(satir_anahtari)
             ^^^^^^^^^
NameError: name 'mevcutlar' is not defined

======================================================================
10.09.2026 10:15:54 · POST /ihracat/siparisler/yukle
Traceback (most recent call last):
  File "/usr/local/lib/python3.11/dist-packages/starlette/middleware/errors.py", line 164, in __call__
    await self.app(scope, receive, _send)
  File "/usr/local/lib/python3.11/dist-packages/starlette/middleware/sessions.py", line 88, in __call__
    await self.app(scope, receive, send_wrapper)
  File "/usr/local/lib/python3.11/dist-packages/starlette/middleware/exceptions.py", line 63, in __call__
    await wrap_app_handling_exceptions(self.app, conn)(scope, receive, send)
  File "/usr/local/lib/python3.11/dist-packages/starlette/_exception_handler.py", line 53, in wrapped_app
    raise exc
  File "/usr/local/lib/python3.11/dist-packages/starlette/_exception_handler.py", line 42, in wrapped_app
    await app(scope, receive, sender)
  File "/usr/local/lib/python3.11/dist-packages/fastapi/middleware/asyncexitstack.py", line 18, in __call__
    await self.app(scope, receive, send)
  File "/usr/local/lib/python3.11/dist-packages/starlette/routing.py", line 670, in __call__
    await self.middleware_stack(scope, receive, send)
  File "/usr/local/lib/python3.11/dist-packages/fastapi/routing.py", line 2734, in app
    await route.handle(scope, receive, send)
  File "/usr/local/lib/python3.11/dist-packages/fastapi/routing.py", line 1281, in handle
    await super().handle(scope, receive, send)
  File "/usr/local/lib/python3.11/dist-packages/starlette/routing.py", line 280, in handle
    await self.app(scope, receive, send)
  File "/usr/local/lib/python3.11/dist-packages/fastapi/routing.py", line 158, in app
    await wrap_app_handling_exceptions(app, request)(scope, receive, send)
  File "/usr/local/lib/python3.11/dist-packages/starlette/_exception_handler.py", line 53, in wrapped_app
    raise exc
  File "/usr/local/lib/python3.11/dist-packages/starlette/_exception_handler.py", line 42, in wrapped_app
    await app(scope, receive, sender)
  File "/usr/local/lib/python3.11/dist-packages/fastapi/routing.py", line 144, in app
    response = await f(request)
               ^^^^^^^^^^^^^^^^
  File "/usr/local/lib/python3.11/dist-packages/fastapi/routing.py", line 706, in app
    raw_response = await run_endpoint_function(
                   ^^^^^^^^^^^^^^^^^^^^^^^^^^^^
  File "/usr/local/lib/python3.11/dist-packages/fastapi/routing.py", line 352, in run_endpoint_function
    return await dependant.call(**values)
           ^^^^^^^^^^^^^^^^^^^^^^^^^^^^^^
  File "/home/user/sevkplan/app/main.py", line 1503, in ihracat_siparisleri_yukle
    sonuc = ice_aktarim.ihracat_siparislerini_aktar(
            ^^^^^^^^^^^^^^^^^^^^^^^^^^^^^^^^^^^^^^^^
  File "/home/user/sevkplan/app/services/ice_aktarim.py", line 809, in ihracat_siparislerini_aktar
    mevcut = mevcutlar.get(satir_anahtari)
             ^^^^^^^^^
NameError: name 'mevcutlar' is not defined

======================================================================
10.09.2026 10:15:55 · POST /ihracat/siparisler/yukle
Traceback (most recent call last):
  File "/usr/local/lib/python3.11/dist-packages/starlette/middleware/errors.py", line 164, in __call__
    await self.app(scope, receive, _send)
  File "/usr/local/lib/python3.11/dist-packages/starlette/middleware/sessions.py", line 88, in __call__
    await self.app(scope, receive, send_wrapper)
  File "/usr/local/lib/python3.11/dist-packages/starlette/middleware/exceptions.py", line 63, in __call__
    await wrap_app_handling_exceptions(self.app, conn)(scope, receive, send)
  File "/usr/local/lib/python3.11/dist-packages/starlette/_exception_handler.py", line 53, in wrapped_app
    raise exc
  File "/usr/local/lib/python3.11/dist-packages/starlette/_exception_handler.py", line 42, in wrapped_app
    await app(scope, receive, sender)
  File "/usr/local/lib/python3.11/dist-packages/fastapi/middleware/asyncexitstack.py", line 18, in __call__
    await self.app(scope, receive, send)
  File "/usr/local/lib/python3.11/dist-packages/starlette/routing.py", line 670, in __call__
    await self.middleware_stack(scope, receive, send)
  File "/usr/local/lib/python3.11/dist-packages/fastapi/routing.py", line 2734, in app
    await route.handle(scope, receive, send)
  File "/usr/local/lib/python3.11/dist-packages/fastapi/routing.py", line 1281, in handle
    await super().handle(scope, receive, send)
  File "/usr/local/lib/python3.11/dist-packages/starlette/routing.py", line 280, in handle
    await self.app(scope, receive, send)
  File "/usr/local/lib/python3.11/dist-packages/fastapi/routing.py", line 158, in app
    await wrap_app_handling_exceptions(app, request)(scope, receive, send)
  File "/usr/local/lib/python3.11/dist-packages/starlette/_exception_handler.py", line 53, in wrapped_app
    raise exc
  File "/usr/local/lib/python3.11/dist-packages/starlette/_exception_handler.py", line 42, in wrapped_app
    await app(scope, receive, sender)
  File "/usr/local/lib/python3.11/dist-packages/fastapi/routing.py", line 144, in app
    response = await f(request)
               ^^^^^^^^^^^^^^^^
  File "/usr/local/lib/python3.11/dist-packages/fastapi/routing.py", line 706, in app
    raw_response = await run_endpoint_function(
                   ^^^^^^^^^^^^^^^^^^^^^^^^^^^^
  File "/usr/local/lib/python3.11/dist-packages/fastapi/routing.py", line 352, in run_endpoint_function
    return await dependant.call(**values)
           ^^^^^^^^^^^^^^^^^^^^^^^^^^^^^^
  File "/home/user/sevkplan/app/main.py", line 1503, in ihracat_siparisleri_yukle
    sonuc = ice_aktarim.ihracat_siparislerini_aktar(
            ^^^^^^^^^^^^^^^^^^^^^^^^^^^^^^^^^^^^^^^^
  File "/home/user/sevkplan/app/services/ice_aktarim.py", line 809, in ihracat_siparislerini_aktar
    mevcut = mevcutlar.get(satir_anahtari)
             ^^^^^^^^^
NameError: name 'mevcutlar' is not defined

======================================================================
10.09.2026 10:15:56 · POST /ihracat/siparisler/yukle
Traceback (most recent call last):
  File "/usr/local/lib/python3.11/dist-packages/starlette/middleware/errors.py", line 164, in __call__
    await self.app(scope, receive, _send)
  File "/usr/local/lib/python3.11/dist-packages/starlette/middleware/sessions.py", line 88, in __call__
    await self.app(scope, receive, send_wrapper)
  File "/usr/local/lib/python3.11/dist-packages/starlette/middleware/exceptions.py", line 63, in __call__
    await wrap_app_handling_exceptions(self.app, conn)(scope, receive, send)
  File "/usr/local/lib/python3.11/dist-packages/starlette/_exception_handler.py", line 53, in wrapped_app
    raise exc
  File "/usr/local/lib/python3.11/dist-packages/starlette/_exception_handler.py", line 42, in wrapped_app
    await app(scope, receive, sender)
  File "/usr/local/lib/python3.11/dist-packages/fastapi/middleware/asyncexitstack.py", line 18, in __call__
    await self.app(scope, receive, send)
  File "/usr/local/lib/python3.11/dist-packages/starlette/routing.py", line 670, in __call__
    await self.middleware_stack(scope, receive, send)
  File "/usr/local/lib/python3.11/dist-packages/fastapi/routing.py", line 2734, in app
    await route.handle(scope, receive, send)
  File "/usr/local/lib/python3.11/dist-packages/fastapi/routing.py", line 1281, in handle
    await super().handle(scope, receive, send)
  File "/usr/local/lib/python3.11/dist-packages/starlette/routing.py", line 280, in handle
    await self.app(scope, receive, send)
  File "/usr/local/lib/python3.11/dist-packages/fastapi/routing.py", line 158, in app
    await wrap_app_handling_exceptions(app, request)(scope, receive, send)
  File "/usr/local/lib/python3.11/dist-packages/starlette/_exception_handler.py", line 53, in wrapped_app
    raise exc
  File "/usr/local/lib/python3.11/dist-packages/starlette/_exception_handler.py", line 42, in wrapped_app
    await app(scope, receive, sender)
  File "/usr/local/lib/python3.11/dist-packages/fastapi/routing.py", line 144, in app
    response = await f(request)
               ^^^^^^^^^^^^^^^^
  File "/usr/local/lib/python3.11/dist-packages/fastapi/routing.py", line 706, in app
    raw_response = await run_endpoint_function(
                   ^^^^^^^^^^^^^^^^^^^^^^^^^^^^
  File "/usr/local/lib/python3.11/dist-packages/fastapi/routing.py", line 352, in run_endpoint_function
    return await dependant.call(**values)
           ^^^^^^^^^^^^^^^^^^^^^^^^^^^^^^
  File "/home/user/sevkplan/app/main.py", line 1503, in ihracat_siparisleri_yukle
    sonuc = ice_aktarim.ihracat_siparislerini_aktar(
            ^^^^^^^^^^^^^^^^^^^^^^^^^^^^^^^^^^^^^^^^
  File "/home/user/sevkplan/app/services/ice_aktarim.py", line 809, in ihracat_siparislerini_aktar
    mevcut = mevcutlar.get(satir_anahtari)
             ^^^^^^^^^
NameError: name 'mevcutlar' is not defined

======================================================================
10.09.2026 10:15:57 · POST /ihracat/siparisler/yukle
Traceback (most recent call last):
  File "/usr/local/lib/python3.11/dist-packages/starlette/middleware/errors.py", line 164, in __call__
    await self.app(scope, receive, _send)
  File "/usr/local/lib/python3.11/dist-packages/starlette/middleware/sessions.py", line 88, in __call__
    await self.app(scope, receive, send_wrapper)
  File "/usr/local/lib/python3.11/dist-packages/starlette/middleware/exceptions.py", line 63, in __call__
    await wrap_app_handling_exceptions(self.app, conn)(scope, receive, send)
  File "/usr/local/lib/python3.11/dist-packages/starlette/_exception_handler.py", line 53, in wrapped_app
    raise exc
  File "/usr/local/lib/python3.11/dist-packages/starlette/_exception_handler.py", line 42, in wrapped_app
    await app(scope, receive, sender)
  File "/usr/local/lib/python3.11/dist-packages/fastapi/middleware/asyncexitstack.py", line 18, in __call__
    await self.app(scope, receive, send)
  File "/usr/local/lib/python3.11/dist-packages/starlette/routing.py", line 670, in __call__
    await self.middleware_stack(scope, receive, send)
  File "/usr/local/lib/python3.11/dist-packages/fastapi/routing.py", line 2734, in app
    await route.handle(scope, receive, send)
  File "/usr/local/lib/python3.11/dist-packages/fastapi/routing.py", line 1281, in handle
    await super().handle(scope, receive, send)
  File "/usr/local/lib/python3.11/dist-packages/starlette/routing.py", line 280, in handle
    await self.app(scope, receive, send)
  File "/usr/local/lib/python3.11/dist-packages/fastapi/routing.py", line 158, in app
    await wrap_app_handling_exceptions(app, request)(scope, receive, send)
  File "/usr/local/lib/python3.11/dist-packages/starlette/_exception_handler.py", line 53, in wrapped_app
    raise exc
  File "/usr/local/lib/python3.11/dist-packages/starlette/_exception_handler.py", line 42, in wrapped_app
    await app(scope, receive, sender)
  File "/usr/local/lib/python3.11/dist-packages/fastapi/routing.py", line 144, in app
    response = await f(request)
               ^^^^^^^^^^^^^^^^
  File "/usr/local/lib/python3.11/dist-packages/fastapi/routing.py", line 706, in app
    raw_response = await run_endpoint_function(
                   ^^^^^^^^^^^^^^^^^^^^^^^^^^^^
  File "/usr/local/lib/python3.11/dist-packages/fastapi/routing.py", line 352, in run_endpoint_function
    return await dependant.call(**values)
           ^^^^^^^^^^^^^^^^^^^^^^^^^^^^^^
  File "/home/user/sevkplan/app/main.py", line 1503, in ihracat_siparisleri_yukle
    sonuc = ice_aktarim.ihracat_siparislerini_aktar(
            ^^^^^^^^^^^^^^^^^^^^^^^^^^^^^^^^^^^^^^^^
  File "/home/user/sevkplan/app/services/ice_aktarim.py", line 809, in ihracat_siparislerini_aktar
    mevcut = mevcutlar.get(satir_anahtari)
             ^^^^^^^^^
NameError: name 'mevcutlar' is not defined

======================================================================
10.09.2026 10:15:58 · POST /ihracat/siparisler/yukle
Traceback (most recent call last):
  File "/usr/local/lib/python3.11/dist-packages/starlette/middleware/errors.py", line 164, in __call__
    await self.app(scope, receive, _send)
  File "/usr/local/lib/python3.11/dist-packages/starlette/middleware/sessions.py", line 88, in __call__
    await self.app(scope, receive, send_wrapper)
  File "/usr/local/lib/python3.11/dist-packages/starlette/middleware/exceptions.py", line 63, in __call__
    await wrap_app_handling_exceptions(self.app, conn)(scope, receive, send)
  File "/usr/local/lib/python3.11/dist-packages/starlette/_exception_handler.py", line 53, in wrapped_app
    raise exc
  File "/usr/local/lib/python3.11/dist-packages/starlette/_exception_handler.py", line 42, in wrapped_app
    await app(scope, receive, sender)
  File "/usr/local/lib/python3.11/dist-packages/fastapi/middleware/asyncexitstack.py", line 18, in __call__
    await self.app(scope, receive, send)
  File "/usr/local/lib/python3.11/dist-packages/starlette/routing.py", line 670, in __call__
    await self.middleware_stack(scope, receive, send)
  File "/usr/local/lib/python3.11/dist-packages/fastapi/routing.py", line 2734, in app
    await route.handle(scope, receive, send)
  File "/usr/local/lib/python3.11/dist-packages/fastapi/routing.py", line 1281, in handle
    await super().handle(scope, receive, send)
  File "/usr/local/lib/python3.11/dist-packages/starlette/routing.py", line 280, in handle
    await self.app(scope, receive, send)
  File "/usr/local/lib/python3.11/dist-packages/fastapi/routing.py", line 158, in app
    await wrap_app_handling_exceptions(app, request)(scope, receive, send)
  File "/usr/local/lib/python3.11/dist-packages/starlette/_exception_handler.py", line 53, in wrapped_app
    raise exc
  File "/usr/local/lib/python3.11/dist-packages/starlette/_exception_handler.py", line 42, in wrapped_app
    await app(scope, receive, sender)
  File "/usr/local/lib/python3.11/dist-packages/fastapi/routing.py", line 144, in app
    response = await f(request)
               ^^^^^^^^^^^^^^^^
  File "/usr/local/lib/python3.11/dist-packages/fastapi/routing.py", line 706, in app
    raw_response = await run_endpoint_function(
                   ^^^^^^^^^^^^^^^^^^^^^^^^^^^^
  File "/usr/local/lib/python3.11/dist-packages/fastapi/routing.py", line 352, in run_endpoint_function
    return await dependant.call(**values)
           ^^^^^^^^^^^^^^^^^^^^^^^^^^^^^^
  File "/home/user/sevkplan/app/main.py", line 1503, in ihracat_siparisleri_yukle
    sonuc = ice_aktarim.ihracat_siparislerini_aktar(
            ^^^^^^^^^^^^^^^^^^^^^^^^^^^^^^^^^^^^^^^^
  File "/home/user/sevkplan/app/services/ice_aktarim.py", line 809, in ihracat_siparislerini_aktar
    mevcut = mevcutlar.get(satir_anahtari)
             ^^^^^^^^^
NameError: name 'mevcutlar' is not defined

======================================================================
10.09.2026 10:15:59 · POST /ihracat/siparisler/yukle
Traceback (most recent call last):
  File "/usr/local/lib/python3.11/dist-packages/starlette/middleware/errors.py", line 164, in __call__
    await self.app(scope, receive, _send)
  File "/usr/local/lib/python3.11/dist-packages/starlette/middleware/sessions.py", line 88, in __call__
    await self.app(scope, receive, send_wrapper)
  File "/usr/local/lib/python3.11/dist-packages/starlette/middleware/exceptions.py", line 63, in __call__
    await wrap_app_handling_exceptions(self.app, conn)(scope, receive, send)
  File "/usr/local/lib/python3.11/dist-packages/starlette/_exception_handler.py", line 53, in wrapped_app
    raise exc
  File "/usr/local/lib/python3.11/dist-packages/starlette/_exception_handler.py", line 42, in wrapped_app
    await app(scope, receive, sender)
  File "/usr/local/lib/python3.11/dist-packages/fastapi/middleware/asyncexitstack.py", line 18, in __call__
    await self.app(scope, receive, send)
  File "/usr/local/lib/python3.11/dist-packages/starlette/routing.py", line 670, in __call__
    await self.middleware_stack(scope, receive, send)
  File "/usr/local/lib/python3.11/dist-packages/fastapi/routing.py", line 2734, in app
    await route.handle(scope, receive, send)
  File "/usr/local/lib/python3.11/dist-packages/fastapi/routing.py", line 1281, in handle
    await super().handle(scope, receive, send)
  File "/usr/local/lib/python3.11/dist-packages/starlette/routing.py", line 280, in handle
    await self.app(scope, receive, send)
  File "/usr/local/lib/python3.11/dist-packages/fastapi/routing.py", line 158, in app
    await wrap_app_handling_exceptions(app, request)(scope, receive, send)
  File "/usr/local/lib/python3.11/dist-packages/starlette/_exception_handler.py", line 53, in wrapped_app
    raise exc
  File "/usr/local/lib/python3.11/dist-packages/starlette/_exception_handler.py", line 42, in wrapped_app
    await app(scope, receive, sender)
  File "/usr/local/lib/python3.11/dist-packages/fastapi/routing.py", line 144, in app
    response = await f(request)
               ^^^^^^^^^^^^^^^^
  File "/usr/local/lib/python3.11/dist-packages/fastapi/routing.py", line 706, in app
    raw_response = await run_endpoint_function(
                   ^^^^^^^^^^^^^^^^^^^^^^^^^^^^
  File "/usr/local/lib/python3.11/dist-packages/fastapi/routing.py", line 352, in run_endpoint_function
    return await dependant.call(**values)
           ^^^^^^^^^^^^^^^^^^^^^^^^^^^^^^
  File "/home/user/sevkplan/app/main.py", line 1503, in ihracat_siparisleri_yukle
    sonuc = ice_aktarim.ihracat_siparislerini_aktar(
            ^^^^^^^^^^^^^^^^^^^^^^^^^^^^^^^^^^^^^^^^
  File "/home/user/sevkplan/app/services/ice_aktarim.py", line 809, in ihracat_siparislerini_aktar
    mevcut = mevcutlar.get(satir_anahtari)
             ^^^^^^^^^
NameError: name 'mevcutlar' is not defined

======================================================================
10.09.2026 10:16:19 · POST /ihracat/siparisler/yukle
Traceback (most recent call last):
  File "/usr/local/lib/python3.11/dist-packages/starlette/middleware/errors.py", line 164, in __call__
    await self.app(scope, receive, _send)
  File "/usr/local/lib/python3.11/dist-packages/starlette/middleware/sessions.py", line 88, in __call__
    await self.app(scope, receive, send_wrapper)
  File "/usr/local/lib/python3.11/dist-packages/starlette/middleware/exceptions.py", line 63, in __call__
    await wrap_app_handling_exceptions(self.app, conn)(scope, receive, send)
  File "/usr/local/lib/python3.11/dist-packages/starlette/_exception_handler.py", line 53, in wrapped_app
    raise exc
  File "/usr/local/lib/python3.11/dist-packages/starlette/_exception_handler.py", line 42, in wrapped_app
    await app(scope, receive, sender)
  File "/usr/local/lib/python3.11/dist-packages/fastapi/middleware/asyncexitstack.py", line 18, in __call__
    await self.app(scope, receive, send)
  File "/usr/local/lib/python3.11/dist-packages/starlette/routing.py", line 670, in __call__
    await self.middleware_stack(scope, receive, send)
  File "/usr/local/lib/python3.11/dist-packages/fastapi/routing.py", line 2734, in app
    await route.handle(scope, receive, send)
  File "/usr/local/lib/python3.11/dist-packages/fastapi/routing.py", line 1281, in handle
    await super().handle(scope, receive, send)
  File "/usr/local/lib/python3.11/dist-packages/starlette/routing.py", line 280, in handle
    await self.app(scope, receive, send)
  File "/usr/local/lib/python3.11/dist-packages/fastapi/routing.py", line 158, in app
    await wrap_app_handling_exceptions(app, request)(scope, receive, send)
  File "/usr/local/lib/python3.11/dist-packages/starlette/_exception_handler.py", line 53, in wrapped_app
    raise exc
  File "/usr/local/lib/python3.11/dist-packages/starlette/_exception_handler.py", line 42, in wrapped_app
    await app(scope, receive, sender)
  File "/usr/local/lib/python3.11/dist-packages/fastapi/routing.py", line 144, in app
    response = await f(request)
               ^^^^^^^^^^^^^^^^
  File "/usr/local/lib/python3.11/dist-packages/fastapi/routing.py", line 706, in app
    raw_response = await run_endpoint_function(
                   ^^^^^^^^^^^^^^^^^^^^^^^^^^^^
  File "/usr/local/lib/python3.11/dist-packages/fastapi/routing.py", line 352, in run_endpoint_function
    return await dependant.call(**values)
           ^^^^^^^^^^^^^^^^^^^^^^^^^^^^^^
  File "/home/user/sevkplan/app/main.py", line 1503, in ihracat_siparisleri_yukle
    sonuc = ice_aktarim.ihracat_siparislerini_aktar(
            ^^^^^^^^^^^^^^^^^^^^^^^^^^^^^^^^^^^^^^^^
  File "/home/user/sevkplan/app/services/ice_aktarim.py", line 809, in ihracat_siparislerini_aktar
    mevcut = mevcutlar.get(satir_anahtari)
             ^^^^^^^^^
NameError: name 'mevcutlar' is not defined
